============================= test session starts =============================
platform win32 -- Python 3.11.9, pytest-9.0.2, pluggy-1.6.0
rootdir: /home/user\Desktop\code\EV-QA-Framework
configfile: pytest.ini
plugins: anyio-4.12.1, asyncio-1.3.0, cov-7.0.0
asyncio: mode=Mode.STRICT, debug=False, asyncio_default_fixture_loop_scope=None, asyncio_default_test_loop_scope=function
collected 0 items / 1 error

=================================== ERRORS ====================================
____________________ ERROR collecting tests/test_ev_qa.py _____________________
ImportError while importing test module '/home/user\Desktop\code\EV-QA-Framework\tests\test_ev_qa.py'.
Hint: make sure your test modules/packages have valid Python names.
Traceback:
C:\Program Files\Python311\Lib\importlib\__init__.py:126: in import_module
    return _bootstrap._gcd_import(name[level:], package, level)
           ^^^^^^^^^^^^^^^^^^^^^^^^^^^^^^^^^^^^^^^^^^^^^^^^^^^^
tests\__init__.py:6: in <module>
    from .test_ev_qa import *  # noqa
    ^^^^^^^^^^^^^^^^^^^^^^^^^
tests\test_ev_qa.py:9: in <module>
    from ev_qa_framework.framework import EVQAFramework
ev_qa_framework\__init__.py:2: in <module>
    from .framework import EVQAFramework, BatteryTelemetry
E   ImportError: cannot import name 'BatteryTelemetry' from 'ev_qa_framework.framework' (/home/user\Desktop\code\EV-QA-Framework\ev_qa_framework\framework.py)
=========================== short test summary info ===========================
ERROR tests/test_ev_qa.py
!!!!!!!!!!!!!!!!!!! Interrupted: 1 error during collection !!!!!!!!!!!!!!!!!!!!
============================== 1 error in 1.65s ===============================
